LAST MONTH · [2026-06-01T00:00:00+02:00, 2026-07-01T00:00:00+02:00) · Europe/Prague

DAILY TOTALS
DATE        DURATION  EARNINGS
Mon 01 Jun  0m        0.00 CZK
Tue 02 Jun  1h30m     1125.00 CZK
Wed 03 Jun  0m        0.00 CZK
Thu 04 Jun  0m        0.00 CZK
Fri 05 Jun  0m        0.00 CZK
Sat 06 Jun  0m        0.00 CZK
Sun 07 Jun  0m        0.00 CZK
Mon 08 Jun  0m        0.00 CZK
Tue 09 Jun  0m        0.00 CZK
Wed 10 Jun  0m        0.00 CZK
Thu 11 Jun  0m        0.00 CZK
Fri 12 Jun  0m        0.00 CZK
Sat 13 Jun  0m        0.00 CZK
Sun 14 Jun  0m        0.00 CZK
Mon 15 Jun  0m        0.00 CZK
Tue 16 Jun  0m        0.00 CZK
Wed 17 Jun  0m        0.00 CZK
Thu 18 Jun  0m        0.00 CZK
Fri 19 Jun  0m        0.00 CZK
Sat 20 Jun  0m        0.00 CZK
Sun 21 Jun  0m        0.00 CZK
Mon 22 Jun  0m        0.00 CZK
Tue 23 Jun  0m        0.00 CZK
Wed 24 Jun  0m        0.00 CZK
Thu 25 Jun  0m        0.00 CZK
Fri 26 Jun  0m        0.00 CZK
Sat 27 Jun  0m        0.00 CZK
Sun 28 Jun  0m        0.00 CZK
Mon 29 Jun  0m        0.00 CZK
Tue 30 Jun  0m        0.00 CZK

BY ISSUE
CLOCK-16 — Reports  1h30m

TOTAL  1h30m · 1125.00 CZK

Use JSON output when individual Worklog contributions are needed.
