LAST WEEK · [2026-10-19T00:00:00+02:00, 2026-10-26T00:00:00+01:00) · Europe/Prague

DATE        TIME         DURATION  ISSUE  DESCRIPTION
Mon 19 Oct  DAY TOTAL       0m · 0.00 CZK
Tue 20 Oct  DAY TOTAL       0m · 0.00 CZK
Wed 21 Oct  DAY TOTAL       0m · 0.00 CZK
Thu 22 Oct  23:30–24:00       30m  CLOCK-16 — Reports  Across midnight
            DAY TOTAL       30m · 375.00 CZK
Fri 23 Oct  00:00–00:30       30m  CLOCK-16 — Reports  Across midnight
            DAY TOTAL       30m · 375.00 CZK
Sat 24 Oct  DAY TOTAL       0m · 0.00 CZK
Sun 25 Oct  00:00–24:00       25h  OPS-42 — DST deployment  —
            DAY TOTAL       25h · 18750.00 CZK

TOTAL  26h · 19500.00 CZK
